
> pulseops-client@1.0.0 dev
> node node_modules/next/dist/bin/next dev

  ▲ Next.js 14.2.15
  - Local:        http://localhost:3000
  - Environments: .env.local

 ✓ Starting...
 ✓ Ready in 2.7s
 ✓ Compiled /middleware in 286ms (177 modules)
 ○ Compiling /workspace/[workspaceId]/integrations ...
<w> [webpack.cache.PackFileCacheStrategy/webpack.FileSystemInfo] Managed item C:\Users\amenses-innovation\Desktop\pulseops_V2\Pulseopsproject-v2\client\node_modules\@next\swc-win32-arm64-msvc isn't a directory or doesn't contain a package.json (see snapshot.managedPaths option)
<w> [webpack.cache.PackFileCacheStrategy/webpack.FileSystemInfo] Managed item C:\Users\amenses-innovation\Desktop\pulseops_V2\Pulseopsproject-v2\client\node_modules\@next\swc-linux-arm64-gnu isn't a directory or doesn't contain a package.json (see snapshot.managedPaths option)
<w> [webpack.cache.PackFileCacheStrategy/webpack.FileSystemInfo] Managed item C:\Users\amenses-innovation\Desktop\pulseops_V2\Pulseopsproject-v2\client\node_modules\@next\swc-linux-x64-gnu isn't a directory or doesn't contain a package.json (see snapshot.managedPaths option)
<w> [webpack.cache.PackFileCacheStrategy/webpack.FileSystemInfo] Managed item C:\Users\amenses-innovation\Desktop\pulseops_V2\Pulseopsproject-v2\client\node_modules\@next\swc-win32-ia32-msvc isn't a directory or doesn't contain a package.json (see snapshot.managedPaths option)
<w> [webpack.cache.PackFileCacheStrategy/webpack.FileSystemInfo] Managed item C:\Users\amenses-innovation\Desktop\pulseops_V2\Pulseopsproject-v2\client\node_modules\@next\swc-linux-x64-musl isn't a directory or doesn't contain a package.json (see snapshot.managedPaths option)
<w> [webpack.cache.PackFileCacheStrategy/webpack.FileSystemInfo] Managed item C:\Users\amenses-innovation\Desktop\pulseops_V2\Pulseopsproject-v2\client\node_modules\@next\swc-darwin-arm64 isn't a directory or doesn't contain a package.json (see snapshot.managedPaths option)
<w> [webpack.cache.PackFileCacheStrategy/webpack.FileSystemInfo] Managed item C:\Users\amenses-innovation\Desktop\pulseops_V2\Pulseopsproject-v2\client\node_modules\@next\swc-darwin-x64 isn't a directory or doesn't contain a package.json (see snapshot.managedPaths option)
<w> [webpack.cache.PackFileCacheStrategy/webpack.FileSystemInfo] Managed item C:\Users\amenses-innovation\Desktop\pulseops_V2\Pulseopsproject-v2\client\node_modules\@next\swc-linux-arm64-musl isn't a directory or doesn't contain a package.json (see snapshot.managedPaths option)
<w> [webpack.cache.PackFileCacheStrategy/webpack.FileSystemInfo] Managed item C:\Users\amenses-innovation\Desktop\pulseops_V2\Pulseopsproject-v2\client\node_modules\@next\swc-win32-arm64-msvc isn't a directory or doesn't contain a package.json (see snapshot.managedPaths option)
<w> [webpack.cache.PackFileCacheStrategy/webpack.FileSystemInfo] Managed item C:\Users\amenses-innovation\Desktop\pulseops_V2\Pulseopsproject-v2\client\node_modules\@next\swc-win32-ia32-msvc isn't a directory or doesn't contain a package.json (see snapshot.managedPaths option)
<w> [webpack.cache.PackFileCacheStrategy/webpack.FileSystemInfo] Managed item C:\Users\amenses-innovation\Desktop\pulseops_V2\Pulseopsproject-v2\client\node_modules\@next\swc-linux-x64-musl isn't a directory or doesn't contain a package.json (see snapshot.managedPaths option)
<w> [webpack.cache.PackFileCacheStrategy/webpack.FileSystemInfo] Managed item C:\Users\amenses-innovation\Desktop\pulseops_V2\Pulseopsproject-v2\client\node_modules\@next\swc-linux-x64-gnu isn't a directory or doesn't contain a package.json (see snapshot.managedPaths option)
<w> [webpack.cache.PackFileCacheStrategy/webpack.FileSystemInfo] Managed item C:\Users\amenses-innovation\Desktop\pulseops_V2\Pulseopsproject-v2\client\node_modules\@next\swc-linux-arm64-gnu isn't a directory or doesn't contain a package.json (see snapshot.managedPaths option)
<w> [webpack.cache.PackFileCacheStrategy/webpack.FileSystemInfo] Managed item C:\Users\amenses-innovation\Desktop\pulseops_V2\Pulseopsproject-v2\client\node_modules\@next\swc-darwin-x64 isn't a directory or doesn't contain a package.json (see snapshot.managedPaths option)
<w> [webpack.cache.PackFileCacheStrategy/webpack.FileSystemInfo] Managed item C:\Users\amenses-innovation\Desktop\pulseops_V2\Pulseopsproject-v2\client\node_modules\@next\swc-linux-arm64-musl isn't a directory or doesn't contain a package.json (see snapshot.managedPaths option)
<w> [webpack.cache.PackFileCacheStrategy/webpack.FileSystemInfo] Managed item C:\Users\amenses-innovation\Desktop\pulseops_V2\Pulseopsproject-v2\client\node_modules\@next\swc-darwin-arm64 isn't a directory or doesn't contain a package.json (see snapshot.managedPaths option)
 ✓ Compiled /workspace/[workspaceId]/integrations in 6s (959 modules)
 GET /workspace/6a8bfa5a88b0c48fdfa2d58c/integrations 200 in 6863ms
 ✓ Compiled /api/auth/[...nextauth] in 496ms (605 modules)
 GET /api/auth/session 200 in 1224ms
 GET /api/auth/session 200 in 49ms
 GET /api/auth/session 200 in 38ms
 GET /workspace/6a8bfa5a88b0c48fdfa2d58c/integrations 200 in 148ms
 GET /api/auth/session 200 in 28ms
 GET /api/auth/session 200 in 13ms
 ○ Compiling / ...
 ✓ Compiled / in 825ms (967 modules)
 GET / 200 in 959ms
 GET /workspace/6a8bfa5a88b0c48fdfa2d58c/integrations?_rsc=1tyhk 200 in 79ms
 GET /api/auth/session 200 in 42ms
 ○ Compiling /login ...
 ✓ Compiled /login in 947ms (962 modules)
 GET /login 200 in 1084ms
 GET /api/auth/session 200 in 47ms
 GET /login 200 in 56ms
 GET /api/auth/session 200 in 37ms
 GET /api/auth/session 200 in 31ms
 GET /api/auth/session 200 in 25ms
 ○ Compiling /workspace/[workspaceId] ...
 ✓ Compiled /workspace/[workspaceId] in 967ms (987 modules)
 GET /api/auth/session 200 in 142ms
 GET /api/auth/session 200 in 74ms
[?25h
